../Core/Inc/fsm.h:29:19:FSM::system_state_t FSM::get_state() const	16	static
../Core/Src/main.cpp:135:5:int main()	40	static
../Core/Src/main.cpp:270:6:void SystemClock_Config()	88	static
../Core/Src/main.cpp:317:13:void MX_I2C2_Init()	8	static
../Core/Src/main.cpp:351:13:void MX_I2C3_Init()	8	static
../Core/Src/main.cpp:385:13:void MX_TIM1_Init()	80	static
../Core/Src/main.cpp:458:13:void MX_TIM2_Init()	56	static
../Core/Src/main.cpp:507:13:void MX_TIM3_Init()	48	static
../Core/Src/main.cpp:568:13:void MX_TIM4_Init()	56	static
../Core/Src/main.cpp:617:13:void MX_TIM5_Init()	48	static
../Core/Src/main.cpp:670:13:void MX_USART1_UART_Init()	8	static
../Core/Src/main.cpp:703:13:void MX_GPIO_Init()	48	static
../Core/Src/main.cpp:752:6:void HAL_UART_RxCpltCallback(UART_HandleTypeDef*)	48	static
../Core/Src/main.cpp:916:6:void initialize_IMU()	16	static
../Core/Src/main.cpp:972:6:void log_IMU()	24	static
../Core/Src/main.cpp:996:6:void log_LIDAR()	24	static
../Core/Src/main.cpp:1018:6:void Error_Handler()	4	static,ignoring_inline_asm
../Core/Src/main.cpp:1027:1:void __static_initialization_and_destruction_0()	8	static
../Core/Src/main.cpp:1027:1:cpp)	8	static
