../Core/Src/motor_driver.c:82:6:set_duty	16	static
../Core/Src/motor_driver.c:86:6:set_duty_dual	24	static
../Core/Src/motor_driver.c:91:6:motor_brake_dual	16	static
../Core/Src/motor_driver.c:97:6:step_motor_forward	8	static
../Core/Src/motor_driver.c:103:6:step_motor_backward	8	static
../Core/Src/motor_driver.c:109:6:launch	8	static
../Core/Src/motor_driver.c:122:6:motor_d_update_pos	48	static
../Core/Src/motor_driver.c:185:6:motor_d_set_pos	24	static
../Core/Src/motor_driver.c:192:10:motor_d_get_pos	16	static
../Core/Src/motor_driver.c:196:6:motor_brake	16	static
../Core/Src/motor_driver.c:200:6:motor_disable	16	static
